{"u_token":"79IYKWeMkxmV6F3HKx5qeJvjQy71nyW7","part_number":"XT60PW-F","manufacturer":"AMASS","mode":"place-part","plugin":".snap","source":"https://www.snapeda.com"}